Archive member included to satisfy reference by file (symbol)

/opt/devkitpro/devkitARM/lib/gcc/arm-none-eabi/15.2.0/thumb/libgcc.a(_sync_none.o)
                              (__sync_synchronize_none)
/opt/devkitpro/devkitARM/lib/gcc/arm-none-eabi/15.2.0/../../../../arm-none-eabi/lib/thumb/libg.a(libc_a-init.o)
                              /opt/devkitpro/devkitARM/lib/gcc/arm-none-eabi/15.2.0/../../../../arm-none-eabi/lib/thumb/gba_crt0.o (__libc_init_array)
/opt/devkitpro/devkitARM/lib/gcc/arm-none-eabi/15.2.0/../../../../arm-none-eabi/lib/thumb/libg.a(libc_a-memcpy-stub.o)
                              brin_demo.o (memcpy)
/opt/devkitpro/devkitARM/lib/gcc/arm-none-eabi/15.2.0/../../../../arm-none-eabi/lib/thumb/libsysbase.a(libsysbase_libsysbase_a-malloc_vars.o)
                              /opt/devkitpro/devkitARM/lib/gcc/arm-none-eabi/15.2.0/../../../../arm-none-eabi/lib/thumb/gba_crt0.o (fake_heap_end)

Discarded input sections

 .text          0x00000000        0x0 /opt/devkitpro/devkitARM/lib/gcc/arm-none-eabi/15.2.0/../../../../arm-none-eabi/lib/thumb/gba_crt0.o
 .data          0x00000000        0x0 /opt/devkitpro/devkitARM/lib/gcc/arm-none-eabi/15.2.0/../../../../arm-none-eabi/lib/thumb/gba_crt0.o
 .bss           0x00000000        0x0 /opt/devkitpro/devkitARM/lib/gcc/arm-none-eabi/15.2.0/../../../../arm-none-eabi/lib/thumb/gba_crt0.o
 .text          0x00000000        0x0 /opt/devkitpro/devkitARM/lib/gcc/arm-none-eabi/15.2.0/thumb/crti.o
 .data          0x00000000        0x0 /opt/devkitpro/devkitARM/lib/gcc/arm-none-eabi/15.2.0/thumb/crti.o
 .bss           0x00000000        0x0 /opt/devkitpro/devkitARM/lib/gcc/arm-none-eabi/15.2.0/thumb/crti.o
 .text          0x00000000        0x0 /opt/devkitpro/devkitARM/lib/gcc/arm-none-eabi/15.2.0/thumb/crtbegin.o
 .data          0x00000000        0x0 /opt/devkitpro/devkitARM/lib/gcc/arm-none-eabi/15.2.0/thumb/crtbegin.o
 .bss           0x00000000        0x0 /opt/devkitpro/devkitARM/lib/gcc/arm-none-eabi/15.2.0/thumb/crtbegin.o
 .rodata.all_implied_fbits
                0x00000000       0x24 /opt/devkitpro/devkitARM/lib/gcc/arm-none-eabi/15.2.0/thumb/crtbegin.o
 .data.__dso_handle
                0x00000000        0x4 /opt/devkitpro/devkitARM/lib/gcc/arm-none-eabi/15.2.0/thumb/crtbegin.o
 .text          0x00000000        0x0 brin_demo.o
 .data          0x00000000        0x0 brin_demo.o
 .bss           0x00000000        0x0 brin_demo.o
 .text          0x00000000        0x0 toolbox.o
 .data          0x00000000        0x0 toolbox.o
 .text          0x00000000        0x0 brin.o
 .data          0x00000000        0x0 brin.o
 .bss           0x00000000        0x0 brin.o
 .text          0x00000000        0x4 /opt/devkitpro/devkitARM/lib/gcc/arm-none-eabi/15.2.0/thumb/libgcc.a(_sync_none.o)
 .data          0x00000000        0x0 /opt/devkitpro/devkitARM/lib/gcc/arm-none-eabi/15.2.0/thumb/libgcc.a(_sync_none.o)
 .bss           0x00000000        0x0 /opt/devkitpro/devkitARM/lib/gcc/arm-none-eabi/15.2.0/thumb/libgcc.a(_sync_none.o)
 .debug_line    0x00000000       0x4a /opt/devkitpro/devkitARM/lib/gcc/arm-none-eabi/15.2.0/thumb/libgcc.a(_sync_none.o)
 .debug_line_str
                0x00000000       0xcd /opt/devkitpro/devkitARM/lib/gcc/arm-none-eabi/15.2.0/thumb/libgcc.a(_sync_none.o)
 .debug_info    0x00000000       0x31 /opt/devkitpro/devkitARM/lib/gcc/arm-none-eabi/15.2.0/thumb/libgcc.a(_sync_none.o)
 .debug_abbrev  0x00000000       0x28 /opt/devkitpro/devkitARM/lib/gcc/arm-none-eabi/15.2.0/thumb/libgcc.a(_sync_none.o)
 .debug_aranges
                0x00000000       0x20 /opt/devkitpro/devkitARM/lib/gcc/arm-none-eabi/15.2.0/thumb/libgcc.a(_sync_none.o)
 .debug_str     0x00000000       0xf3 /opt/devkitpro/devkitARM/lib/gcc/arm-none-eabi/15.2.0/thumb/libgcc.a(_sync_none.o)
 .text          0x00000000        0x0 /opt/devkitpro/devkitARM/lib/gcc/arm-none-eabi/15.2.0/../../../../arm-none-eabi/lib/thumb/libg.a(libc_a-init.o)
 .data          0x00000000        0x0 /opt/devkitpro/devkitARM/lib/gcc/arm-none-eabi/15.2.0/../../../../arm-none-eabi/lib/thumb/libg.a(libc_a-init.o)
 .bss           0x00000000        0x0 /opt/devkitpro/devkitARM/lib/gcc/arm-none-eabi/15.2.0/../../../../arm-none-eabi/lib/thumb/libg.a(libc_a-init.o)
 .text          0x00000000        0x0 /opt/devkitpro/devkitARM/lib/gcc/arm-none-eabi/15.2.0/../../../../arm-none-eabi/lib/thumb/libg.a(libc_a-memcpy-stub.o)
 .data          0x00000000        0x0 /opt/devkitpro/devkitARM/lib/gcc/arm-none-eabi/15.2.0/../../../../arm-none-eabi/lib/thumb/libg.a(libc_a-memcpy-stub.o)
 .bss           0x00000000        0x0 /opt/devkitpro/devkitARM/lib/gcc/arm-none-eabi/15.2.0/../../../../arm-none-eabi/lib/thumb/libg.a(libc_a-memcpy-stub.o)
 .text          0x00000000        0x0 /opt/devkitpro/devkitARM/lib/gcc/arm-none-eabi/15.2.0/../../../../arm-none-eabi/lib/thumb/libsysbase.a(libsysbase_libsysbase_a-malloc_vars.o)
 .data          0x00000000        0x0 /opt/devkitpro/devkitARM/lib/gcc/arm-none-eabi/15.2.0/../../../../arm-none-eabi/lib/thumb/libsysbase.a(libsysbase_libsysbase_a-malloc_vars.o)
 .bss           0x00000000        0x0 /opt/devkitpro/devkitARM/lib/gcc/arm-none-eabi/15.2.0/../../../../arm-none-eabi/lib/thumb/libsysbase.a(libsysbase_libsysbase_a-malloc_vars.o)
 .bss.fake_heap_start
                0x00000000        0x4 /opt/devkitpro/devkitARM/lib/gcc/arm-none-eabi/15.2.0/../../../../arm-none-eabi/lib/thumb/libsysbase.a(libsysbase_libsysbase_a-malloc_vars.o)
 .text          0x00000000        0x0 /opt/devkitpro/devkitARM/lib/gcc/arm-none-eabi/15.2.0/thumb/crtend.o
 .data          0x00000000        0x0 /opt/devkitpro/devkitARM/lib/gcc/arm-none-eabi/15.2.0/thumb/crtend.o
 .bss           0x00000000        0x0 /opt/devkitpro/devkitARM/lib/gcc/arm-none-eabi/15.2.0/thumb/crtend.o
 .rodata.all_implied_fbits
                0x00000000       0x24 /opt/devkitpro/devkitARM/lib/gcc/arm-none-eabi/15.2.0/thumb/crtend.o
 .text          0x00000000        0x0 /opt/devkitpro/devkitARM/lib/gcc/arm-none-eabi/15.2.0/thumb/crtn.o
 .data          0x00000000        0x0 /opt/devkitpro/devkitARM/lib/gcc/arm-none-eabi/15.2.0/thumb/crtn.o
 .bss           0x00000000        0x0 /opt/devkitpro/devkitARM/lib/gcc/arm-none-eabi/15.2.0/thumb/crtn.o

Memory Configuration

Name             Origin             Length             Attributes
rom              0x08000000         0x02000000
iwram            0x03000000         0x00008000
ewram            0x02000000         0x00040000
*default*        0x00000000         0xffffffff

Linker script and memory map

                0x00000000                        __sync_synchronize = __sync_synchronize_none
                0x08000000                        __text_start = ORIGIN (rom)
                0x02040000                        __eheap_end = (ORIGIN (ewram) + LENGTH (ewram))
                0x03000000                        __iwram_start = ORIGIN (iwram)
                0x03008000                        __iwram_top = (ORIGIN (iwram) + LENGTH (iwram))
                0x03007fa0                        __sp_irq = (__iwram_top - 0x60)
                0x03007f00                        __sp_usr = (__sp_irq - 0xa0)
                0x03007ff8                        __irq_flags = 0x3007ff8
                0x08000000                        . = __text_start

.crt0           0x08000000      0x210
 *(.crt0)
 .crt0          0x08000000      0x210 /opt/devkitpro/devkitARM/lib/gcc/arm-none-eabi/15.2.0/../../../../arm-none-eabi/lib/thumb/gba_crt0.o
                0x08000000                _start
                0x080000c4                __boot_method
                0x080000c5                __slave_number
                0x080000e0                start_vector
                0x08000210                        . = ALIGN (0x4)

.init           0x08000210        0xc
 *(SORT_NONE(.init))
 .init          0x08000210        0x4 /opt/devkitpro/devkitARM/lib/gcc/arm-none-eabi/15.2.0/thumb/crti.o
                0x08000210                _init
 .init          0x08000214        0x8 /opt/devkitpro/devkitARM/lib/gcc/arm-none-eabi/15.2.0/thumb/crtn.o

.plt            0x0800021c        0x0
 *(.plt)
                0x0800021c                        . = ALIGN (0x4)

.text           0x0800021c      0x228
 *(EXCLUDE_FILE(*.iwram*) .text*)
 .text.__do_global_dtors_aux
                0x0800021c       0x2c /opt/devkitpro/devkitARM/lib/gcc/arm-none-eabi/15.2.0/thumb/crtbegin.o
 .text.frame_dummy
                0x08000248       0x24 /opt/devkitpro/devkitARM/lib/gcc/arm-none-eabi/15.2.0/thumb/crtbegin.o
 .text.startup  0x0800026c       0xd4 brin_demo.o
                0x0800026c                main
 .text.__libc_init_array
                0x08000340       0x54 /opt/devkitpro/devkitARM/lib/gcc/arm-none-eabi/15.2.0/../../../../arm-none-eabi/lib/thumb/libg.a(libc_a-init.o)
                0x08000340                __libc_init_array
 .text.memcpy   0x08000394       0xb0 /opt/devkitpro/devkitARM/lib/gcc/arm-none-eabi/15.2.0/../../../../arm-none-eabi/lib/thumb/libg.a(libc_a-memcpy-stub.o)
                0x08000394                memcpy
 *(.gnu.linkonce.t.*)
 *(.text.*personality*)
 *(.gnu.warning)
 *(.glue_7t)
 .glue_7t       0x08000444        0x0 linker stubs
 *(.glue_7)
 .glue_7        0x08000444        0x0 linker stubs
 *(.vfp11_veneer)
 .vfp11_veneer  0x08000444        0x0 linker stubs
                0x08000444                        . = ALIGN (0x4)
                0x08000444                        __text_end = .

.v4_bx          0x08000444        0x0
 .v4_bx         0x08000444        0x0 linker stubs

.iplt           0x08000444        0x0
 .iplt          0x08000444        0x0 /opt/devkitpro/devkitARM/lib/gcc/arm-none-eabi/15.2.0/../../../../arm-none-eabi/lib/thumb/gba_crt0.o

.fini           0x08000444        0xc
 *(.fini)
 .fini          0x08000444        0x4 /opt/devkitpro/devkitARM/lib/gcc/arm-none-eabi/15.2.0/thumb/crti.o
                0x08000444                _fini
 .fini          0x08000448        0x8 /opt/devkitpro/devkitARM/lib/gcc/arm-none-eabi/15.2.0/thumb/crtn.o
                0x08000450                        . = ALIGN (0x4)

.rodata         0x08000450     0x15e0
 *(.rodata)
 .rodata        0x08000450     0x15e0 brin.o
                0x08000450                brinTiles
                0x08000830                brinMap
                0x08001830                brinPal
 *all.rodata*(*)
 *(.roda)
 *(.rodata.*)
 *(.gnu.linkonce.r*)
                0x08001a30                        . = ALIGN (0x4)

.ARM.extab
 *(.ARM.extab* .gnu.linkonce.armextab.*)
                0x08001a30                        __exidx_start = .

.ARM.exidx
 *(.ARM.exidx* .gnu.linkonce.armexidx.*)
                0x08001a30                        __exidx_end = .

.ctors          0x08001a30        0x0
 *crtbegin.o(.ctors)
 *(EXCLUDE_FILE(*crtend.o) .ctors)
 *(SORT_BY_NAME(.ctors.*))
 *(.ctors)
                0x08001a30                        . = ALIGN (0x4)

.dtors          0x08001a30        0x0
 *crtbegin.o(.dtors)
 *(EXCLUDE_FILE(*crtend.o) .dtors)
 *(SORT_BY_NAME(.dtors.*))
 *(.dtors)
                0x08001a30                        . = ALIGN (0x4)

.eh_frame       0x08001a30        0x4
 *(.eh_frame)
 .eh_frame      0x08001a30        0x0 /opt/devkitpro/devkitARM/lib/gcc/arm-none-eabi/15.2.0/thumb/crtbegin.o
 .eh_frame      0x08001a30        0x4 /opt/devkitpro/devkitARM/lib/gcc/arm-none-eabi/15.2.0/thumb/crtend.o
                0x08001a34                        . = ALIGN (0x4)

.gcc_except_table
                0x08001a34        0x0
 *(.gcc_except_table)
                0x08001a34                        . = ALIGN (0x4)
                0x08001a34                        __iwram_lma = .

.iwram          0x03000000        0x0 load address 0x08001a34
                0x03000000                        __iwram_start__ = ABSOLUTE (.)
 *(.iwram .iwram*)
 *iwram.*(.text* .data*)
                0x03000000                        . = ALIGN (0x4)
                0x03000000                        __iwram_end__ = ABSOLUTE (.)
                0x08001a34                        __data_lma = (__iwram_lma + SIZEOF (.iwram))

.bss            0x03000000       0x24
                0x03000000                        __bss_start = ABSOLUTE (.)
                0x03000000                        __bss_start__ = ABSOLUTE (.)
 *(.dynbss)
 *(.gnu.linkonce.b*)
 *(.bss*)
 .bss.completed.1
                0x03000000        0x1 /opt/devkitpro/devkitARM/lib/gcc/arm-none-eabi/15.2.0/thumb/crtbegin.o
 *fill*         0x03000001        0x3 
 .bss.object.0  0x03000004       0x18 /opt/devkitpro/devkitARM/lib/gcc/arm-none-eabi/15.2.0/thumb/crtbegin.o
 .bss           0x0300001c        0x4 toolbox.o
                0x0300001c                __key_prev
                0x0300001e                __key_curr
 .bss.fake_heap_end
                0x03000020        0x4 /opt/devkitpro/devkitARM/lib/gcc/arm-none-eabi/15.2.0/../../../../arm-none-eabi/lib/thumb/libsysbase.a(libsysbase_libsysbase_a-malloc_vars.o)
                0x03000020                fake_heap_end
 *(COMMON)
                0x03000024                        . = ALIGN (0x4)
                0x03000024                        __bss_end__ = ABSOLUTE (.)

.data           0x03000024        0x0 load address 0x08001a34
                0x03000024                        __data_start__ = ABSOLUTE (.)
 *(.data*)
 *(.gnu.linkonce.d*)
                0x03000024                        . = ALIGN (0x4)
                0x08001a34                        __preinit_lma = (__data_lma + SIZEOF (.data))

.igot.plt       0x03000000        0x0
 .igot.plt      0x03000000        0x0 /opt/devkitpro/devkitARM/lib/gcc/arm-none-eabi/15.2.0/../../../../arm-none-eabi/lib/thumb/gba_crt0.o

.preinit_array  0x03000024        0x0 load address 0x08001a34
                0x03000024                        __preinit_array_start = ABSOLUTE (.)
 *(.preinit_array)
                0x03000024                        __preinit_array_end = ABSOLUTE (.)
                0x08001a34                        __init_lma = (__preinit_lma + SIZEOF (.preinit_array))

.init_array     0x03000024        0x4 load address 0x08001a34
                0x03000024                        __init_array_start = ABSOLUTE (.)
 *(SORT_BY_NAME(.init_array.*))
 *(.init_array)
 .init_array    0x03000024        0x4 /opt/devkitpro/devkitARM/lib/gcc/arm-none-eabi/15.2.0/thumb/crtbegin.o
                0x03000028                        __init_array_end = ABSOLUTE (.)
                0x08001a38                        __fini_lma = (__init_lma + SIZEOF (.init_array))

.fini_array     0x03000028        0x4 load address 0x08001a38
                0x03000028                        __fini_array_start = ABSOLUTE (.)
 *(SORT_BY_NAME(.fini_array.*))
 *(.fini_array)
 .fini_array    0x03000028        0x4 /opt/devkitpro/devkitARM/lib/gcc/arm-none-eabi/15.2.0/thumb/crtbegin.o
                0x0300002c                        __fini_array_end = ABSOLUTE (.)
                0x08001a3c                        __jcr_lma = (__fini_lma + SIZEOF (.fini_array))

.jcr
 *(.jcr)
                0x0300002c                        __data_end__ = ABSOLUTE (.)
                0x08001a3c                        __iwram_overlay_lma = (__jcr_lma + SIZEOF (.jcr))
                0x0300002c                        __iwram_overlay_start = .

.iwram0         0x0300002c        0x0 load address 0x08001a3c
 *(.iwram0)
                0x0300002c                        . = ALIGN (0x4)
                0x08001a3c                        PROVIDE (__load_start_iwram0 = LOADADDR (.iwram0))
                0x08001a3c                        PROVIDE (__load_stop_iwram0 = (LOADADDR (.iwram0) + SIZEOF (.iwram0)))

.iwram1         0x0300002c        0x0
 *(.iwram1)
                0x0300002c                        . = ALIGN (0x4)
                [!provide]                        PROVIDE (__load_start_iwram1 = LOADADDR (.iwram1))
                [!provide]                        PROVIDE (__load_stop_iwram1 = (LOADADDR (.iwram1) + SIZEOF (.iwram1)))

.iwram2         0x0300002c        0x0
 *(.iwram2)
                0x0300002c                        . = ALIGN (0x4)
                [!provide]                        PROVIDE (__load_start_iwram2 = LOADADDR (.iwram2))
                [!provide]                        PROVIDE (__load_stop_iwram2 = (LOADADDR (.iwram2) + SIZEOF (.iwram2)))

.iwram3         0x0300002c        0x0
 *(.iwram3)
                0x0300002c                        . = ALIGN (0x4)
                [!provide]                        PROVIDE (__load_start_iwram3 = LOADADDR (.iwram3))
                [!provide]                        PROVIDE (__load_stop_iwram3 = (LOADADDR (.iwram3) + SIZEOF (.iwram3)))

.iwram4         0x0300002c        0x0
 *(.iwram4)
                0x0300002c                        . = ALIGN (0x4)
                [!provide]                        PROVIDE (__load_start_iwram4 = LOADADDR (.iwram4))
                [!provide]                        PROVIDE (__load_stop_iwram4 = (LOADADDR (.iwram4) + SIZEOF (.iwram4)))

.iwram5         0x0300002c        0x0
 *(.iwram5)
                0x0300002c                        . = ALIGN (0x4)
                [!provide]                        PROVIDE (__load_start_iwram5 = LOADADDR (.iwram5))
                [!provide]                        PROVIDE (__load_stop_iwram5 = (LOADADDR (.iwram5) + SIZEOF (.iwram5)))

.iwram6         0x0300002c        0x0
 *(.iwram6)
                0x0300002c                        . = ALIGN (0x4)
                [!provide]                        PROVIDE (__load_start_iwram6 = LOADADDR (.iwram6))
                [!provide]                        PROVIDE (__load_stop_iwram6 = (LOADADDR (.iwram6) + SIZEOF (.iwram6)))

.iwram7         0x0300002c        0x0
 *(.iwram7)
                0x0300002c                        . = ALIGN (0x4)
                [!provide]                        PROVIDE (__load_start_iwram7 = LOADADDR (.iwram7))
                [!provide]                        PROVIDE (__load_stop_iwram7 = (LOADADDR (.iwram7) + SIZEOF (.iwram7)))

.iwram8         0x0300002c        0x0
 *(.iwram8)
                0x0300002c                        . = ALIGN (0x4)
                [!provide]                        PROVIDE (__load_start_iwram8 = LOADADDR (.iwram8))
                [!provide]                        PROVIDE (__load_stop_iwram8 = (LOADADDR (.iwram8) + SIZEOF (.iwram8)))

.iwram9         0x0300002c        0x0
 *(.iwram9)
                0x0300002c                        . = ALIGN (0x4)
                [!provide]                        PROVIDE (__load_start_iwram9 = LOADADDR (.iwram9))
                [!provide]                        PROVIDE (__load_stop_iwram9 = (LOADADDR (.iwram9) + SIZEOF (.iwram9)))
                0x0300002c                        __iwram_overlay_end = .
                0x08001a3c                        __ewram_lma = (__iwram_overlay_lma + (__iwram_overlay_end - __iwram_overlay_start))
                0x0300002c                        __iheap_start = .
                0x02000000                        __ewram_start = ORIGIN (ewram)

.ewram          0x02000000        0x0 load address 0x08001a3c
 *(.ewram*)
                0x02000000                        . = ALIGN (0x4)
                0x02000000                        __ewram_end = ABSOLUTE (.)
                0x08001a3c                        __pad_lma = (__ewram_lma + SIZEOF (.ewram))

.sbss           0x02000000        0x0
                0x02000000                        __sbss_start__ = ABSOLUTE (.)
 *(.sbss*)
                0x02000000                        . = ALIGN (0x4)
                0x02000000                        __sbss_end__ = ABSOLUTE (.)
                0x02000000                        __end__ = ABSOLUTE (.)
                0x02000000                        __eheap_start = ABSOLUTE (.)

.pad            0x02000000        0x8 load address 0x08001a3c
                0x02000000        0x4 LONG 0x52416b64
                0x02000004        0x4 LONG 0x4d
                0x02000008                        . = ALIGN (0x4)
                0x08001a44                        __rom_end__ = (__pad_lma + SIZEOF (.pad))

.rel.dyn        0x02000008        0x0 load address 0x08001a44
 .rel.iplt      0x02000008        0x0 /opt/devkitpro/devkitARM/lib/gcc/arm-none-eabi/15.2.0/../../../../arm-none-eabi/lib/thumb/gba_crt0.o

.stab
 *(.stab)

.stabstr
 *(.stabstr)

.stab.excl
 *(.stab.excl)

.stab.exclstr
 *(.stab.exclstr)

.stab.index
 *(.stab.index)

.stab.indexstr
 *(.stab.indexstr)

.comment        0x00000000       0x18
 *(.comment)
 .comment       0x00000000       0x18 /opt/devkitpro/devkitARM/lib/gcc/arm-none-eabi/15.2.0/thumb/crtbegin.o
                                 0x19 (size before relaxing)
 .comment       0x00000018        0x0 brin_demo.o
                                 0x19 (size before relaxing)
 .comment       0x00000018        0x0 toolbox.o
                                 0x19 (size before relaxing)
 .comment       0x00000018        0x0 /opt/devkitpro/devkitARM/lib/gcc/arm-none-eabi/15.2.0/thumb/crtend.o
                                 0x19 (size before relaxing)

.debug
 *(.debug)

.line
 *(.line)

.debug_srcinfo
 *(.debug_srcinfo)

.debug_sfnames
 *(.debug_sfnames)

.debug_aranges  0x00000000       0x38
 *(.debug_aranges)
 .debug_aranges
                0x00000000       0x20 brin_demo.o
 .debug_aranges
                0x00000020       0x18 toolbox.o

.debug_pubnames
 *(.debug_pubnames)

.debug_info     0x00000000      0x482
 *(.debug_info)
 .debug_info    0x00000000      0x3ec brin_demo.o
 .debug_info    0x000003ec       0x96 toolbox.o

.debug_abbrev   0x00000000      0x298
 *(.debug_abbrev)
 .debug_abbrev  0x00000000      0x238 brin_demo.o
 .debug_abbrev  0x00000238       0x60 toolbox.o

.debug_line     0x00000000      0x360
 *(.debug_line)
 .debug_line    0x00000000      0x2ae brin_demo.o
 .debug_line    0x000002ae       0xb2 toolbox.o

.debug_frame    0x00000000       0x3c
 *(.debug_frame)
 .debug_frame   0x00000000       0x3c brin_demo.o

.debug_str      0x00000000      0x2a6
 *(.debug_str)
 .debug_str     0x00000000      0x2a6 brin_demo.o
                                0x29f (size before relaxing)
 .debug_str     0x000002a6        0x0 toolbox.o
                                0x15f (size before relaxing)

.debug_loc
 *(.debug_loc)

.debug_macinfo
 *(.debug_macinfo)

.debug_weaknames
 *(.debug_weaknames)

.debug_funcnames
 *(.debug_funcnames)

.debug_typenames
 *(.debug_typenames)

.debug_varnames
 *(.debug_varnames)

.stack          0x00080000        0x0
                0x00080000                        _stack = .
 *(.stack)

.note.gnu.arm.ident
 *(.note.gnu.arm.ident)

.ARM.attributes
                0x00000000       0x2c
 *(.ARM.attributes)
 .ARM.attributes
                0x00000000       0x20 /opt/devkitpro/devkitARM/lib/gcc/arm-none-eabi/15.2.0/../../../../arm-none-eabi/lib/thumb/gba_crt0.o
 .ARM.attributes
                0x00000020       0x1c /opt/devkitpro/devkitARM/lib/gcc/arm-none-eabi/15.2.0/thumb/crti.o
 .ARM.attributes
                0x0000003c       0x2a /opt/devkitpro/devkitARM/lib/gcc/arm-none-eabi/15.2.0/thumb/crtbegin.o
 .ARM.attributes
                0x00000066       0x2a brin_demo.o
 .ARM.attributes
                0x00000090       0x2a toolbox.o
 .ARM.attributes
                0x000000ba       0x1a brin.o
 .ARM.attributes
                0x000000d4       0x1c /opt/devkitpro/devkitARM/lib/gcc/arm-none-eabi/15.2.0/thumb/libgcc.a(_sync_none.o)
 .ARM.attributes
                0x000000f0       0x2a /opt/devkitpro/devkitARM/lib/gcc/arm-none-eabi/15.2.0/../../../../arm-none-eabi/lib/thumb/libg.a(libc_a-init.o)
 .ARM.attributes
                0x0000011a       0x2a /opt/devkitpro/devkitARM/lib/gcc/arm-none-eabi/15.2.0/../../../../arm-none-eabi/lib/thumb/libg.a(libc_a-memcpy-stub.o)
 .ARM.attributes
                0x00000144       0x2a /opt/devkitpro/devkitARM/lib/gcc/arm-none-eabi/15.2.0/../../../../arm-none-eabi/lib/thumb/libsysbase.a(libsysbase_libsysbase_a-malloc_vars.o)
 .ARM.attributes
                0x0000016e       0x2a /opt/devkitpro/devkitARM/lib/gcc/arm-none-eabi/15.2.0/thumb/crtend.o
 .ARM.attributes
                0x00000198       0x1c /opt/devkitpro/devkitARM/lib/gcc/arm-none-eabi/15.2.0/thumb/crtn.o

/DISCARD/
 *(.note.GNU-stack)
LOAD /opt/devkitpro/devkitARM/lib/gcc/arm-none-eabi/15.2.0/../../../../arm-none-eabi/lib/thumb/gba_crt0.o
LOAD /opt/devkitpro/devkitARM/lib/gcc/arm-none-eabi/15.2.0/thumb/crti.o
LOAD /opt/devkitpro/devkitARM/lib/gcc/arm-none-eabi/15.2.0/thumb/crtbegin.o
LOAD brin_demo.o
LOAD toolbox.o
LOAD brin.o
START GROUP
LOAD /opt/devkitpro/devkitARM/lib/gcc/arm-none-eabi/15.2.0/thumb/libgcc.a
LOAD /opt/devkitpro/devkitARM/lib/gcc/arm-none-eabi/15.2.0/../../../../arm-none-eabi/lib/thumb/libg.a
LOAD /opt/devkitpro/devkitARM/lib/gcc/arm-none-eabi/15.2.0/../../../../arm-none-eabi/lib/thumb/libc.a
LOAD /opt/devkitpro/devkitARM/lib/gcc/arm-none-eabi/15.2.0/../../../../arm-none-eabi/lib/thumb/libsysbase.a
END GROUP
LOAD /opt/devkitpro/devkitARM/lib/gcc/arm-none-eabi/15.2.0/thumb/crtend.o
LOAD /opt/devkitpro/devkitARM/lib/gcc/arm-none-eabi/15.2.0/thumb/crtn.o
OUTPUT(/home/tlplan/GBA_DEV/TONC_practice/my_first_brin_demo/my_first_brin_demo.elf elf32-littlearm)
LOAD linker stubs

.debug_loclists
                0x00000000       0x84
 .debug_loclists
                0x00000000       0x84 brin_demo.o

.debug_rnglists
                0x00000000       0x44
 .debug_rnglists
                0x00000000       0x44 brin_demo.o
